***********************************************
Device Utilization for EP2C35F672C
***********************************************
Resource                Used    Avail   Utilization
-----------------------------------------------
IOs                     113     475      23.79%
LUTs                    715     33216     2.15%
Registers               296     33216     0.89%
Memory Bits             8960    483340    1.85%
DSP block 9-bit elems   0       70        0.00%

-----------------------------------------------

**********************************************************************

Library: OPERATORS    Cell: modgen_counter_9_0    View: IMPLEMENTATION

**********************************************************************

  Cell                   Library  References     Total Area

 VCC                     cycloneii     1 x
 cycloneii_lcell_comb    cycloneii     9 x      1      9 LUTs
 cycloneii_lcell_ff      cycloneii     9 x      1      9 Registers

 Number of ports :                      26
 Number of nets :                       29
 Number of instances :                  19
 Number of references to this view :     1

Total accumulated area : 
 Number of LUTs :                        9
 Number of Registers :                   9
 Number of accumulated instances :      19

***********************************************************************

Library: OPERATORS    Cell: modgen_counter_10_0    View: IMPLEMENTATION

***********************************************************************

  Cell                   Library  References     Total Area

 VCC                     cycloneii     1 x
 cycloneii_lcell_comb    cycloneii    10 x      1     10 LUTs
 cycloneii_lcell_ff      cycloneii    10 x      1     10 Registers

 Number of ports :                      28
 Number of nets :                       31
 Number of instances :                  21
 Number of references to this view :     1

Total accumulated area : 
 Number of LUTs :                       10
 Number of Registers :                  10
 Number of accumulated instances :      21

***********************************************************

Library: OPERATORS    Cell: add_9_0    View: IMPLEMENTATION

***********************************************************

  Cell                   Library  References     Total Area

 VCC                     cycloneii     1 x
 cycloneii_lcell_comb    cycloneii     9 x      1      9 LUTs

 Number of ports :                      29
 Number of nets :                       34
 Number of instances :                  10
 Number of references to this view :     1

Total accumulated area : 
 Number of LUTs :                        9
 Number of accumulated instances :      10

**********************************************************************

Library: OPERATORS    Cell: modgen_counter_6_0    View: IMPLEMENTATION

**********************************************************************

  Cell                   Library  References     Total Area

 VCC                     cycloneii     7 x
 cycloneii_lcell_comb    cycloneii     7 x      1      7 LUTs
 cycloneii_lcell_ff      cycloneii     6 x      1      6 Registers

 Number of ports :                      25
 Number of nets :                       31
 Number of instances :                  20
 Number of references to this view :     1

Total accumulated area : 
 Number of LUTs :                        7
 Number of Registers :                   6
 Number of accumulated instances :      20

***********************************************************

Library: OPERATORS    Cell: sub_5_0    View: IMPLEMENTATION

***********************************************************

  Cell                   Library  References     Total Area

 VCC                     cycloneii     1 x
 cycloneii_lcell_comb    cycloneii     5 x      1      5 LUTs

 Number of ports :                      17
 Number of nets :                       18
 Number of instances :                   6
 Number of references to this view :     1

Total accumulated area : 
 Number of LUTs :                        5
 Number of accumulated instances :       6

***************************************************************

Library: work    Cell: i2c_ctrl_notri    View: main_unfold_1393

***************************************************************

  Cell                   Library  References     Total Area

 NOT                     cycloneii     1 x
 cycloneii_lcell_comb    cycloneii    40 x      1     40 LUTs
 cycloneii_lcell_ff      cycloneii     2 x      1      2 Registers
 modgen_counter_6_0      OPERATORS     1 x      7      7 LUTs
                                                6      6 Registers
 sub_5_0                 OPERATORS     1 x      5      5 LUTs

 Number of ports :                      25
 Number of nets :                       59
 Number of instances :                  45
 Number of references to this view :     1

Total accumulated area : 
 Number of LUTs :                       52
 Number of Registers :                   8
 Number of accumulated instances :      69

***********************************************************************

Library: OPERATORS    Cell: modgen_counter_16_1    View: IMPLEMENTATION

***********************************************************************

  Cell                   Library  References     Total Area

 VCC                     cycloneii     1 x
 cycloneii_lcell_comb    cycloneii    13 x      1     13 LUTs
 cycloneii_lcell_ff      cycloneii    13 x      1     13 Registers

 Number of ports :                      40
 Number of nets :                       41
 Number of instances :                  27
 Number of references to this view :     1

Total accumulated area : 
 Number of LUTs :                       13
 Number of Registers :                  13
 Number of accumulated instances :      27

***********************************************************************

Library: OPERATORS    Cell: modgen_counter_16_0    View: IMPLEMENTATION

***********************************************************************

  Cell                   Library  References     Total Area

 VCC                     cycloneii     1 x
 cycloneii_lcell_comb    cycloneii    16 x      1     16 LUTs
 cycloneii_lcell_ff      cycloneii    16 x      1     16 Registers

 Number of ports :                      40
 Number of nets :                       50
 Number of instances :                  33
 Number of references to this view :     1

Total accumulated area : 
 Number of LUTs :                       16
 Number of Registers :                  16
 Number of accumulated instances :      33

********************************************************************

Library: work    Cell: i2c_av_config_notri    View: main_unfold_1971

********************************************************************

  Cell                   Library  References     Total Area

 NOT                     cycloneii     1 x
 cycloneii_lcell_comb    cycloneii    13 x      1     13 LUTs
 cycloneii_lcell_ff      cycloneii     2 x      1      2 Registers
 i2c_ctrl_notri          work          1 x      8      8 Registers
                                               52     52 LUTs
 modgen_counter_16_0     OPERATORS     1 x     16     16 LUTs
                                               16     16 Registers
 modgen_counter_16_1     OPERATORS     1 x     13     13 LUTs
                                               13     13 Registers

 Number of ports :                       5
 Number of nets :                       46
 Number of instances :                  19
 Number of references to this view :     1

Total accumulated area : 
 Number of LCs :                         0
 Number of LUTs :                       94
 Number of Registers :                  39
 Number of accumulated instances :     145

*************************************************************

Library: OPERATORS    Cell: add_16_15    View: IMPLEMENTATION

*************************************************************

  Cell                   Library  References     Total Area

 VCC                     cycloneii     1 x
 cycloneii_lcell_comb    cycloneii    16 x      1     16 LUTs

 Number of ports :                      50
 Number of nets :                       64
 Number of instances :                  17
 Number of references to this view :     1

Total accumulated area : 
 Number of LUTs :                       16
 Number of accumulated instances :      17

**************************************************************

Library: OPERATORS    Cell: mult_32_83    View: IMPLEMENTATION

**************************************************************

  Cell                   Library  References     Total Area

 VCC                     cycloneii     1 x
 cycloneii_lcell_comb    cycloneii    15 x      1     15 LUTs

 Number of ports :                      96
 Number of nets :                       41
 Number of instances :                  16
 Number of references to this view :     1

Total accumulated area : 
 Number of LUTs :                       15
 Number of accumulated instances :      16

*************************************************************

Library: OPERATORS    Cell: add_16_14    View: IMPLEMENTATION

*************************************************************

  Cell                   Library  References     Total Area

 VCC                     cycloneii     1 x
 cycloneii_lcell_comb    cycloneii    16 x      1     16 LUTs

 Number of ports :                      50
 Number of nets :                       64
 Number of instances :                  17
 Number of references to this view :     1

Total accumulated area : 
 Number of LUTs :                       16
 Number of accumulated instances :      17

**************************************************************

Library: OPERATORS    Cell: mult_32_82    View: IMPLEMENTATION

**************************************************************

  Cell                   Library  References     Total Area

 VCC                     cycloneii     1 x
 cycloneii_lcell_comb    cycloneii    13 x      1     13 LUTs

 Number of ports :                      96
 Number of nets :                       36
 Number of instances :                  14
 Number of references to this view :     1

Total accumulated area : 
 Number of LUTs :                       13
 Number of accumulated instances :      14

*************************************************************

Library: OPERATORS    Cell: add_16_13    View: IMPLEMENTATION

*************************************************************

  Cell                   Library  References     Total Area

 VCC                     cycloneii     1 x
 cycloneii_lcell_comb    cycloneii    16 x      1     16 LUTs

 Number of ports :                      50
 Number of nets :                       64
 Number of instances :                  17
 Number of references to this view :     1

Total accumulated area : 
 Number of LUTs :                       16
 Number of accumulated instances :      17

**************************************************************

Library: OPERATORS    Cell: mult_32_81    View: IMPLEMENTATION

**************************************************************

  Cell                   Library  References     Total Area

 VCC                     cycloneii     1 x
 cycloneii_lcell_comb    cycloneii    17 x      1     17 LUTs

 Number of ports :                      96
 Number of nets :                       43
 Number of instances :                  18
 Number of references to this view :     1

Total accumulated area : 
 Number of LUTs :                       17
 Number of accumulated instances :      18

*************************************************************

Library: OPERATORS    Cell: add_16_12    View: IMPLEMENTATION

*************************************************************

  Cell                   Library  References     Total Area

 VCC                     cycloneii     1 x
 cycloneii_lcell_comb    cycloneii    16 x      1     16 LUTs

 Number of ports :                      50
 Number of nets :                       64
 Number of instances :                  17
 Number of references to this view :     1

Total accumulated area : 
 Number of LUTs :                       16
 Number of accumulated instances :      17

**************************************************************

Library: OPERATORS    Cell: mult_32_80    View: IMPLEMENTATION

**************************************************************

 Number of ports :                      96
 Number of nets :                       11
 Number of instances :                   0
 Number of references to this view :     1

Total accumulated area : unknown

*************************************************************

Library: OPERATORS    Cell: add_16_11    View: IMPLEMENTATION

*************************************************************

  Cell                   Library  References     Total Area

 VCC                     cycloneii     1 x
 cycloneii_lcell_comb    cycloneii    16 x      1     16 LUTs

 Number of ports :                      50
 Number of nets :                       64
 Number of instances :                  17
 Number of references to this view :     1

Total accumulated area : 
 Number of LUTs :                       16
 Number of accumulated instances :      17

**************************************************************

Library: OPERATORS    Cell: mult_32_79    View: IMPLEMENTATION

**************************************************************

  Cell                   Library  References     Total Area

 VCC                     cycloneii     1 x
 cycloneii_lcell_comb    cycloneii    13 x      1     13 LUTs

 Number of ports :                      96
 Number of nets :                       37
 Number of instances :                  14
 Number of references to this view :     1

Total accumulated area : 
 Number of LUTs :                       13
 Number of accumulated instances :      14

*************************************************************

Library: OPERATORS    Cell: add_16_10    View: IMPLEMENTATION

*************************************************************

  Cell                   Library  References     Total Area

 VCC                     cycloneii     1 x
 cycloneii_lcell_comb    cycloneii    16 x      1     16 LUTs

 Number of ports :                      50
 Number of nets :                       64
 Number of instances :                  17
 Number of references to this view :     1

Total accumulated area : 
 Number of LUTs :                       16
 Number of accumulated instances :      17

**************************************************************

Library: OPERATORS    Cell: mult_32_78    View: IMPLEMENTATION

**************************************************************

  Cell                   Library  References     Total Area

 VCC                     cycloneii     1 x
 cycloneii_lcell_comb    cycloneii    27 x      1     27 LUTs

 Number of ports :                      96
 Number of nets :                       62
 Number of instances :                  28
 Number of references to this view :     1

Total accumulated area : 
 Number of LUTs :                       27
 Number of accumulated instances :      28

************************************************************

Library: OPERATORS    Cell: add_16_9    View: IMPLEMENTATION

************************************************************

  Cell                   Library  References     Total Area

 VCC                     cycloneii     1 x
 cycloneii_lcell_comb    cycloneii    16 x      1     16 LUTs

 Number of ports :                      50
 Number of nets :                       64
 Number of instances :                  17
 Number of references to this view :     1

Total accumulated area : 
 Number of LUTs :                       16
 Number of accumulated instances :      17

**************************************************************

Library: OPERATORS    Cell: mult_32_77    View: IMPLEMENTATION

**************************************************************

  Cell                   Library  References     Total Area

 VCC                     cycloneii     1 x
 cycloneii_lcell_comb    cycloneii    13 x      1     13 LUTs

 Number of ports :                      96
 Number of nets :                       37
 Number of instances :                  14
 Number of references to this view :     1

Total accumulated area : 
 Number of LUTs :                       13
 Number of accumulated instances :      14

************************************************************

Library: OPERATORS    Cell: add_16_8    View: IMPLEMENTATION

************************************************************

  Cell                   Library  References     Total Area

 VCC                     cycloneii     1 x
 cycloneii_lcell_comb    cycloneii    16 x      1     16 LUTs

 Number of ports :                      50
 Number of nets :                       64
 Number of instances :                  17
 Number of references to this view :     1

Total accumulated area : 
 Number of LUTs :                       16
 Number of accumulated instances :      17

**************************************************************

Library: OPERATORS    Cell: mult_32_76    View: IMPLEMENTATION

**************************************************************

  Cell                   Library  References     Total Area

 VCC                     cycloneii     1 x
 cycloneii_lcell_comb    cycloneii    13 x      1     13 LUTs

 Number of ports :                      96
 Number of nets :                       37
 Number of instances :                  14
 Number of references to this view :     1

Total accumulated area : 
 Number of LUTs :                       13
 Number of accumulated instances :      14

************************************************************

Library: OPERATORS    Cell: add_16_7    View: IMPLEMENTATION

************************************************************

  Cell                   Library  References     Total Area

 VCC                     cycloneii     1 x
 cycloneii_lcell_comb    cycloneii    16 x      1     16 LUTs

 Number of ports :                      50
 Number of nets :                       64
 Number of instances :                  17
 Number of references to this view :     1

Total accumulated area : 
 Number of LUTs :                       16
 Number of accumulated instances :      17

**************************************************************

Library: OPERATORS    Cell: mult_32_75    View: IMPLEMENTATION

**************************************************************

  Cell                   Library  References     Total Area

 VCC                     cycloneii     1 x
 cycloneii_lcell_comb    cycloneii    13 x      1     13 LUTs

 Number of ports :                      96
 Number of nets :                       37
 Number of instances :                  14
 Number of references to this view :     1

Total accumulated area : 
 Number of LUTs :                       13
 Number of accumulated instances :      14

************************************************************

Library: OPERATORS    Cell: add_16_6    View: IMPLEMENTATION

************************************************************

  Cell                   Library  References     Total Area

 VCC                     cycloneii     1 x
 cycloneii_lcell_comb    cycloneii    16 x      1     16 LUTs

 Number of ports :                      50
 Number of nets :                       64
 Number of instances :                  17
 Number of references to this view :     1

Total accumulated area : 
 Number of LUTs :                       16
 Number of accumulated instances :      17

**************************************************************

Library: OPERATORS    Cell: mult_32_74    View: IMPLEMENTATION

**************************************************************

  Cell                   Library  References     Total Area

 VCC                     cycloneii     1 x
 cycloneii_lcell_comb    cycloneii    13 x      1     13 LUTs

 Number of ports :                      96
 Number of nets :                       37
 Number of instances :                  14
 Number of references to this view :     1

Total accumulated area : 
 Number of LUTs :                       13
 Number of accumulated instances :      14

************************************************************

Library: OPERATORS    Cell: add_16_5    View: IMPLEMENTATION

************************************************************

  Cell                   Library  References     Total Area

 VCC                     cycloneii     1 x
 cycloneii_lcell_comb    cycloneii    16 x      1     16 LUTs

 Number of ports :                      50
 Number of nets :                       64
 Number of instances :                  17
 Number of references to this view :     1

Total accumulated area : 
 Number of LUTs :                       16
 Number of accumulated instances :      17

**************************************************************

Library: OPERATORS    Cell: mult_32_73    View: IMPLEMENTATION

**************************************************************

  Cell                   Library  References     Total Area

 VCC                     cycloneii     1 x
 cycloneii_lcell_comb    cycloneii    13 x      1     13 LUTs

 Number of ports :                      96
 Number of nets :                       37
 Number of instances :                  14
 Number of references to this view :     1

Total accumulated area : 
 Number of LUTs :                       13
 Number of accumulated instances :      14

************************************************************

Library: OPERATORS    Cell: add_16_4    View: IMPLEMENTATION

************************************************************

  Cell                   Library  References     Total Area

 VCC                     cycloneii     1 x
 cycloneii_lcell_comb    cycloneii    16 x      1     16 LUTs

 Number of ports :                      50
 Number of nets :                       64
 Number of instances :                  17
 Number of references to this view :     1

Total accumulated area : 
 Number of LUTs :                       16
 Number of accumulated instances :      17

**************************************************************

Library: OPERATORS    Cell: mult_32_72    View: IMPLEMENTATION

**************************************************************

  Cell                   Library  References     Total Area

 VCC                     cycloneii     1 x
 cycloneii_lcell_comb    cycloneii    27 x      1     27 LUTs

 Number of ports :                      96
 Number of nets :                       62
 Number of instances :                  28
 Number of references to this view :     1

Total accumulated area : 
 Number of LUTs :                       27
 Number of accumulated instances :      28

************************************************************

Library: OPERATORS    Cell: add_16_3    View: IMPLEMENTATION

************************************************************

  Cell                   Library  References     Total Area

 VCC                     cycloneii     1 x
 cycloneii_lcell_comb    cycloneii    16 x      1     16 LUTs

 Number of ports :                      50
 Number of nets :                       64
 Number of instances :                  17
 Number of references to this view :     1

Total accumulated area : 
 Number of LUTs :                       16
 Number of accumulated instances :      17

**************************************************************

Library: OPERATORS    Cell: mult_32_71    View: IMPLEMENTATION

**************************************************************

  Cell                   Library  References     Total Area

 VCC                     cycloneii     1 x
 cycloneii_lcell_comb    cycloneii    13 x      1     13 LUTs

 Number of ports :                      96
 Number of nets :                       37
 Number of instances :                  14
 Number of references to this view :     1

Total accumulated area : 
 Number of LUTs :                       13
 Number of accumulated instances :      14

************************************************************

Library: OPERATORS    Cell: add_16_2    View: IMPLEMENTATION

************************************************************

  Cell                   Library  References     Total Area

 VCC                     cycloneii     1 x
 cycloneii_lcell_comb    cycloneii    16 x      1     16 LUTs

 Number of ports :                      50
 Number of nets :                       64
 Number of instances :                  17
 Number of references to this view :     1

Total accumulated area : 
 Number of LUTs :                       16
 Number of accumulated instances :      17

**************************************************************

Library: OPERATORS    Cell: mult_32_70    View: IMPLEMENTATION

**************************************************************

 Number of ports :                      96
 Number of nets :                       11
 Number of instances :                   0
 Number of references to this view :     1

Total accumulated area : unknown

************************************************************

Library: OPERATORS    Cell: add_16_1    View: IMPLEMENTATION

************************************************************

  Cell                   Library  References     Total Area

 VCC                     cycloneii     1 x
 cycloneii_lcell_comb    cycloneii    16 x      1     16 LUTs

 Number of ports :                      50
 Number of nets :                       64
 Number of instances :                  17
 Number of references to this view :     1

Total accumulated area : 
 Number of LUTs :                       16
 Number of accumulated instances :      17

**************************************************************

Library: OPERATORS    Cell: mult_32_69    View: IMPLEMENTATION

**************************************************************

  Cell                   Library  References     Total Area

 VCC                     cycloneii     1 x
 cycloneii_lcell_comb    cycloneii    17 x      1     17 LUTs

 Number of ports :                      96
 Number of nets :                       43
 Number of instances :                  18
 Number of references to this view :     1

Total accumulated area : 
 Number of LUTs :                       17
 Number of accumulated instances :      18

************************************************************

Library: OPERATORS    Cell: add_16_0    View: IMPLEMENTATION

************************************************************

  Cell                   Library  References     Total Area

 VCC                     cycloneii     1 x
 cycloneii_lcell_comb    cycloneii    16 x      1     16 LUTs

 Number of ports :                      50
 Number of nets :                       64
 Number of instances :                  17
 Number of references to this view :     1

Total accumulated area : 
 Number of LUTs :                       16
 Number of accumulated instances :      17

**************************************************************

Library: OPERATORS    Cell: mult_32_68    View: IMPLEMENTATION

**************************************************************

  Cell                   Library  References     Total Area

 VCC                     cycloneii     1 x
 cycloneii_lcell_comb    cycloneii    13 x      1     13 LUTs

 Number of ports :                      96
 Number of nets :                       36
 Number of instances :                  14
 Number of references to this view :     1

Total accumulated area : 
 Number of LUTs :                       13
 Number of accumulated instances :      14

**************************************************************

Library: OPERATORS    Cell: mult_32_67    View: IMPLEMENTATION

**************************************************************

  Cell                   Library  References     Total Area

 VCC                     cycloneii     1 x
 cycloneii_lcell_comb    cycloneii    15 x      1     15 LUTs

 Number of ports :                      96
 Number of nets :                       41
 Number of instances :                  16
 Number of references to this view :     1

Total accumulated area : 
 Number of LUTs :                       15
 Number of accumulated instances :      16

********************************************

Library: work    Cell: fir    View: low_pass

********************************************

  Cell                 Library  References     Total Area

 add_16_0              OPERATORS     1 x     16     16 LUTs
 add_16_1              OPERATORS     1 x     16     16 LUTs
 add_16_10             OPERATORS     1 x     16     16 LUTs
 add_16_11             OPERATORS     1 x     16     16 LUTs
 add_16_12             OPERATORS     1 x     16     16 LUTs
 add_16_13             OPERATORS     1 x     16     16 LUTs
 add_16_14             OPERATORS     1 x     16     16 LUTs
 add_16_15             OPERATORS     1 x     16     16 LUTs
 add_16_2              OPERATORS     1 x     16     16 LUTs
 add_16_3              OPERATORS     1 x     16     16 LUTs
 add_16_4              OPERATORS     1 x     16     16 LUTs
 add_16_5              OPERATORS     1 x     16     16 LUTs
 add_16_6              OPERATORS     1 x     16     16 LUTs
 add_16_7              OPERATORS     1 x     16     16 LUTs
 add_16_8              OPERATORS     1 x     16     16 LUTs
 add_16_9              OPERATORS     1 x     16     16 LUTs
 cycloneii_lcell_ff    cycloneii   204 x      1    204 Registers
 mult_32_67            OPERATORS     1 x     15     15 LUTs
 mult_32_68            OPERATORS     1 x     13     13 LUTs
 mult_32_69            OPERATORS     1 x     17     17 LUTs
 mult_32_70            OPERATORS     1 x
 mult_32_71            OPERATORS     1 x     13     13 LUTs
 mult_32_72            OPERATORS     1 x     27     27 LUTs
 mult_32_73            OPERATORS     1 x     13     13 LUTs
 mult_32_74            OPERATORS     1 x     13     13 LUTs
 mult_32_75            OPERATORS     1 x     13     13 LUTs
 mult_32_76            OPERATORS     1 x     13     13 LUTs
 mult_32_77            OPERATORS     1 x     13     13 LUTs
 mult_32_78            OPERATORS     1 x     27     27 LUTs
 mult_32_79            OPERATORS     1 x     13     13 LUTs
 mult_32_80            OPERATORS     1 x
 mult_32_81            OPERATORS     1 x     17     17 LUTs
 mult_32_82            OPERATORS     1 x     13     13 LUTs
 mult_32_83            OPERATORS     1 x     15     15 LUTs

 Number of ports :                      33
 Number of nets :                      745
 Number of instances :                 237
 Number of references to this view :     1

Total accumulated area : 
 Number of LUTs :                      491
 Number of Registers :                 204
 Number of accumulated instances :     726

********************************************

Library: work    Cell: fir_top    View: main

********************************************

  Cell                       Library  References     Total Area

 GND                         cycloneii     1 x
 NOT                         cycloneii     1 x
 TRI                         cycloneii     1 x      1      1 TRIs
 VCC                         cycloneii     1 x
 add_9_0                     OPERATORS     1 x      9      9 LUTs
 altpll                      cycloneii     1 x
 altsyncram_12_6_64_2_0      OPERATORS     1 x
 altsyncram_8_10_1024_2_0    OPERATORS     1 x
 cycloneii_io                cycloneii   100 x      1    100 IOs
 cycloneii_lcell_comb        cycloneii   102 x      1    102 LUTs
 cycloneii_lcell_ff          cycloneii    34 x      1     34 Registers
 fir                         work          1 x    204    204 Registers
                                                  491    491 LUTs
 i2c_av_config_notri         work          1 x      0      0 LCs
                                                   39     39 Registers
                                                   94     94 LUTs
 modgen_counter_10_0         OPERATORS     1 x     10     10 LUTs
                                                   10     10 Registers
 modgen_counter_9_0          OPERATORS     1 x      9      9 LUTs
                                                    9      9 Registers

 Number of ports :                     114
 Number of nets :                      318
 Number of instances :                 248
 Number of references to this view :     0

Total accumulated area : 
 Number of IOs :                       113
 Number of LCs :                         0
 Number of LUTs :                      715
 Number of Memory Bits :              8960
 Number of Registers :                 296
 Number of TRIs :                        1
 Number of accumulated instances :    1164
